2026-04-22 12:46:24,509 | INFO | src.main | Starting services...
2026-04-22 12:46:24,510 | INFO | src.main | Redis initialized
2026-04-22 15:15:18,788 | INFO | src.main | Starting services...
2026-04-22 15:15:18,806 | INFO | src.main | Redis initialized
2026-04-22 15:17:16,494 | ERROR | src.core.exceptions | Unhandled exception url=/api/v1/auth/login error=password authentication failed for user "postgres"
Traceback (most recent call last):
  File "C:\Users\sandh\AppData\Local\Programs\Python\Python310\lib\site-packages\starlette\middleware\errors.py", line 164, in __call__
    await self.app(scope, receive, _send)
  File "C:\Users\sandh\AppData\Local\Programs\Python\Python310\lib\site-packages\starlette\middleware\cors.py", line 95, in __call__
    await self.simple_response(scope, receive, send, request_headers=headers)
  File "C:\Users\sandh\AppData\Local\Programs\Python\Python310\lib\site-packages\starlette\middleware\cors.py", line 153, in simple_response
    await self.app(scope, receive, send)
  File "C:\Users\sandh\AppData\Local\Programs\Python\Python310\lib\site-packages\starlette\middleware\exceptions.py", line 63, in __call__
    await wrap_app_handling_exceptions(self.app, conn)(scope, receive, send)
  File "C:\Users\sandh\AppData\Local\Programs\Python\Python310\lib\site-packages\starlette\_exception_handler.py", line 53, in wrapped_app
    raise exc
  File "C:\Users\sandh\AppData\Local\Programs\Python\Python310\lib\site-packages\starlette\_exception_handler.py", line 42, in wrapped_app
    await app(scope, receive, sender)
  File "C:\Users\sandh\AppData\Local\Programs\Python\Python310\lib\site-packages\fastapi\middleware\asyncexitstack.py", line 18, in __call__
    await self.app(scope, receive, send)
  File "C:\Users\sandh\AppData\Local\Programs\Python\Python310\lib\site-packages\starlette\routing.py", line 716, in __call__
    await self.middleware_stack(scope, receive, send)
  File "C:\Users\sandh\AppData\Local\Programs\Python\Python310\lib\site-packages\starlette\routing.py", line 736, in app
    await route.handle(scope, receive, send)
  File "C:\Users\sandh\AppData\Local\Programs\Python\Python310\lib\site-packages\starlette\routing.py", line 290, in handle
    await self.app(scope, receive, send)
  File "C:\Users\sandh\AppData\Local\Programs\Python\Python310\lib\site-packages\fastapi\routing.py", line 119, in app
    await wrap_app_handling_exceptions(app, request)(scope, receive, send)
  File "C:\Users\sandh\AppData\Local\Programs\Python\Python310\lib\site-packages\starlette\_exception_handler.py", line 53, in wrapped_app
    raise exc
  File "C:\Users\sandh\AppData\Local\Programs\Python\Python310\lib\site-packages\starlette\_exception_handler.py", line 42, in wrapped_app
    await app(scope, receive, sender)
  File "C:\Users\sandh\AppData\Local\Programs\Python\Python310\lib\site-packages\fastapi\routing.py", line 105, in app
    response = await f(request)
  File "C:\Users\sandh\AppData\Local\Programs\Python\Python310\lib\site-packages\fastapi\routing.py", line 424, in app
    raw_response = await run_endpoint_function(
  File "C:\Users\sandh\AppData\Local\Programs\Python\Python310\lib\site-packages\fastapi\routing.py", line 312, in run_endpoint_function
    return await dependant.call(**values)
  File "C:\Users\sandh\OneDrive\Documents\GitHub\ap-tourism-backend\src\api\v1\endpoints\auth.py", line 156, in login
    result = await auth_service.login_with_password(data, db)
  File "C:\Users\sandh\OneDrive\Documents\GitHub\ap-tourism-backend\src\services\auth_service.py", line 426, in login_with_password
    result = await db.execute(select(User).where(User.phone == data.phone))
  File "C:\Users\sandh\AppData\Local\Programs\Python\Python310\lib\site-packages\sqlalchemy\ext\asyncio\session.py", line 455, in execute
    result = await greenlet_spawn(
  File "C:\Users\sandh\AppData\Local\Programs\Python\Python310\lib\site-packages\sqlalchemy\util\_concurrency_py3k.py", line 190, in greenlet_spawn
    result = context.throw(*sys.exc_info())
  File "C:\Users\sandh\AppData\Local\Programs\Python\Python310\lib\site-packages\sqlalchemy\orm\session.py", line 2308, in execute
    return self._execute_internal(
  File "C:\Users\sandh\AppData\Local\Programs\Python\Python310\lib\site-packages\sqlalchemy\orm\session.py", line 2180, in _execute_internal
    conn = self._connection_for_bind(bind)
  File "C:\Users\sandh\AppData\Local\Programs\Python\Python310\lib\site-packages\sqlalchemy\orm\session.py", line 2047, in _connection_for_bind
    return trans._connection_for_bind(engine, execution_options)
  File "<string>", line 2, in _connection_for_bind
  File "C:\Users\sandh\AppData\Local\Programs\Python\Python310\lib\site-packages\sqlalchemy\orm\state_changes.py", line 139, in _go
    ret_value = fn(self, *arg, **kw)
  File "C:\Users\sandh\AppData\Local\Programs\Python\Python310\lib\site-packages\sqlalchemy\orm\session.py", line 1143, in _connection_for_bind
    conn = bind.connect()
  File "C:\Users\sandh\AppData\Local\Programs\Python\Python310\lib\site-packages\sqlalchemy\engine\base.py", line 3268, in connect
    return self._connection_cls(self)
  File "C:\Users\sandh\AppData\Local\Programs\Python\Python310\lib\site-packages\sqlalchemy\engine\base.py", line 145, in __init__
    self._dbapi_connection = engine.raw_connection()
  File "C:\Users\sandh\AppData\Local\Programs\Python\Python310\lib\site-packages\sqlalchemy\engine\base.py", line 3292, in raw_connection
    return self.pool.connect()
  File "C:\Users\sandh\AppData\Local\Programs\Python\Python310\lib\site-packages\sqlalchemy\pool\base.py", line 452, in connect
    return _ConnectionFairy._checkout(self)
  File "C:\Users\sandh\AppData\Local\Programs\Python\Python310\lib\site-packages\sqlalchemy\pool\base.py", line 1269, in _checkout
    fairy = _ConnectionRecord.checkout(pool)
  File "C:\Users\sandh\AppData\Local\Programs\Python\Python310\lib\site-packages\sqlalchemy\pool\base.py", line 716, in checkout
    rec = pool._do_get()
  File "C:\Users\sandh\AppData\Local\Programs\Python\Python310\lib\site-packages\sqlalchemy\pool\impl.py", line 169, in _do_get
    with util.safe_reraise():
  File "C:\Users\sandh\AppData\Local\Programs\Python\Python310\lib\site-packages\sqlalchemy\util\langhelpers.py", line 146, in __exit__
    raise exc_value.with_traceback(exc_tb)
  File "C:\Users\sandh\AppData\Local\Programs\Python\Python310\lib\site-packages\sqlalchemy\pool\impl.py", line 167, in _do_get
    return self._create_connection()
  File "C:\Users\sandh\AppData\Local\Programs\Python\Python310\lib\site-packages\sqlalchemy\pool\base.py", line 393, in _create_connection
    return _ConnectionRecord(self)
  File "C:\Users\sandh\AppData\Local\Programs\Python\Python310\lib\site-packages\sqlalchemy\pool\base.py", line 678, in __init__
    self.__connect()
  File "C:\Users\sandh\AppData\Local\Programs\Python\Python310\lib\site-packages\sqlalchemy\pool\base.py", line 902, in __connect
    with util.safe_reraise():
  File "C:\Users\sandh\AppData\Local\Programs\Python\Python310\lib\site-packages\sqlalchemy\util\langhelpers.py", line 146, in __exit__
    raise exc_value.with_traceback(exc_tb)
  File "C:\Users\sandh\AppData\Local\Programs\Python\Python310\lib\site-packages\sqlalchemy\pool\base.py", line 898, in __connect
    self.dbapi_connection = connection = pool._invoke_creator(self)
  File "C:\Users\sandh\AppData\Local\Programs\Python\Python310\lib\site-packages\sqlalchemy\engine\create.py", line 637, in connect
    return dialect.connect(*cargs, **cparams)
  File "C:\Users\sandh\AppData\Local\Programs\Python\Python310\lib\site-packages\sqlalchemy\engine\default.py", line 616, in connect
    return self.loaded_dbapi.connect(*cargs, **cparams)
  File "C:\Users\sandh\AppData\Local\Programs\Python\Python310\lib\site-packages\sqlalchemy\dialects\postgresql\asyncpg.py", line 936, in connect
    await_only(creator_fn(*arg, **kw)),
  File "C:\Users\sandh\AppData\Local\Programs\Python\Python310\lib\site-packages\sqlalchemy\util\_concurrency_py3k.py", line 125, in await_only
    return current.driver.switch(awaitable)  # type: ignore[no-any-return]
  File "C:\Users\sandh\AppData\Local\Programs\Python\Python310\lib\site-packages\sqlalchemy\util\_concurrency_py3k.py", line 185, in greenlet_spawn
    value = await result
  File "C:\Users\sandh\AppData\Local\Programs\Python\Python310\lib\site-packages\asyncpg\connection.py", line 2443, in connect
    return await connect_utils._connect(
  File "C:\Users\sandh\AppData\Local\Programs\Python\Python310\lib\site-packages\asyncpg\connect_utils.py", line 1218, in _connect
    conn = await _connect_addr(
  File "C:\Users\sandh\AppData\Local\Programs\Python\Python310\lib\site-packages\asyncpg\connect_utils.py", line 1054, in _connect_addr
    return await __connect_addr(params, True, *args)
  File "C:\Users\sandh\AppData\Local\Programs\Python\Python310\lib\site-packages\asyncpg\connect_utils.py", line 1102, in __connect_addr
    await connected
asyncpg.exceptions.InvalidPasswordError: password authentication failed for user "postgres"
2026-04-22 15:26:31,807 | INFO | src.main | Starting services...
2026-04-22 15:26:31,809 | INFO | src.main | Redis initialized
2026-04-22 15:28:27,568 | WARNING | src.core.exceptions | Validation error url=/api/v1/auth/login errors=[{'field': 'body -> phone', 'message': 'Value error, Enter a valid 10-digit Indian mobile number'}]
2026-04-22 15:29:24,753 | INFO | src.services.auth_service | Login success user_id=da96269a-27cd-41b2-8b5a-1b84830d6839
